{
  "discounts": [
    {
      "description": "2 for 0.99",
      "discountAmount": 0.3899999999999999,
      "product": {
        "name": "tomato",
        "unit": 0
      }
    }
  ],
  "items": [
    {
      "price": 0.69,
      "product": {
        "name": "tomato",
        "unit": 0
      },
      "quantity": 3,
      "totalPrice": 2.07
    }
  ]
}
