{
  "discounts": [],
  "items": [
    {
      "price": 2.49,
      "product": {
        "name": "rice",
        "unit": 0
      },
      "quantity": 3,
      "totalPrice": 7.470000000000001
    }
  ]
}
